\BOOKMARK [0][]{chapter.1}{\376\377\173\054\116\000\172\340\000\040\226\217\147\072\116\213\116\366\116\016\151\202\163\207}{}% 1
\BOOKMARK [1][]{section.1.1}{\376\377\0001\000.\0001\000\040\226\217\147\072\116\213\116\366\123\312\121\166\217\320\173\227}{chapter.1}% 2
\BOOKMARK [1][]{section*.2}{\376\377\176\303\116\140}{chapter.1}% 3
\BOOKMARK [1][]{section.1.2}{\376\377\0001\000.\0002\000\040\151\202\163\207\137\227\133\232\116\111\123\312\121\166\170\156\133\232\145\271\154\325}{chapter.1}% 4
\BOOKMARK [1][]{section*.3}{\376\377\176\303\116\140}{chapter.1}% 5
